testcrt


Shiro Goto@DESKTOP-SHIRO MINGW64 /e/ユーザー/ドキュメント/VSCode
$ openssl version
OpenSSL 3.1.2 1 Aug 2023 (Library: OpenSSL 3.1.2 1 Aug 2023)

Shiro Goto@DESKTOP-SHIRO MINGW64 /e/ユーザー/ドキュメント/VSCode
$ cd workspace/

Shiro Goto@DESKTOP-SHIRO MINGW64 /e/ユーザー/ドキュメント/VSCode/workspace
$ mkdir 20241219_Certificate

Shiro Goto@DESKTOP-SHIRO MINGW64 /e/ユーザー/ドキュメント/VSCode/workspace
$ cd 20241219_Certificate/

Shiro Goto@DESKTOP-SHIRO MINGW64 /e/ユーザー/ドキュメント/VSCode/workspace/20241219_Certificate      
$ openssl genrsa 2048 > private.key

Shiro Goto@DESKTOP-SHIRO MINGW64 /e/ユーザー/ドキュメント/VSCode/workspace/20241219_Certificate      
$ openssl req -new rsa:2048 -nodes -keyout privateKey.key -out server.csr
req: Use -help for summary.

Shiro Goto@DESKTOP-SHIRO MINGW64 /e/ユーザー/ドキュメント/VSCode/workspace/20241219_Certificate      
$ openssl req -new -newkey rsa:2048 -nodes -keyout privateKey.key -out server.csr
.......+.........+...........+....+..+....+..............+.+..+..........+..+.......+...+........+.........+.+..+.+.........+..+++++++++++++++++++++++++++++++++++++++*.........+.....+++++++++++++++++++++++++++++++++++++++*...+...+...+.........+...+.......+.................+...+.+.........+..+.........+.......++++++
.....+.........+.....+.+.................+....+...+++++++++++++++++++++++++++++++++++++++*.+...............+...+..+.+..+............+....+..+...+++++++++++++++++++++++++++++++++++++++*.....+......+...++++++
-----
You are about to be asked to enter information that will be incorporated
into your certificate request.
What you are about to enter is what is called a Distinguished Name or a DN.
There are quite a few fields but you can leave some blank
For some fields there will be a default value,
If you enter '.', the field will be left blank.
-----
Country Name (2 letter code) [AU]:JP
State or Province Name (full name) [Some-State]:Tokyo
Locality Name (eg, city) []:Chiyoda
Organization Name (eg, company) [Internet Widgits Pty Ltd]:Example.inc
Organizational Unit Name (eg, section) []:IT Department
Common Name (e.g. server FQDN or YOUR name) []:www.example.com
Email Address []:admin@example.com

Please enter the following 'extra' attributes
to be sent with your certificate request
A challenge password []:
An optional company name []:

Shiro Goto@DESKTOP-SHIRO MINGW64 /e/ユーザー/ドキュメント/VSCode/workspace/20241219_Certificate      
$ openssl x509 -req -in server.csr -signkey privateKey.key -out server.crt -days 3650
Certificate request self-signature ok
subject=C = JP, ST = Tokyo, L = Chiyoda, O = Example.inc, OU = IT Department, CN = www.example.com, emailAddress = admin@example.com

Shiro Goto@DESKTOP-SHIRO MINGW64 /e/ユーザー/ドキュメント/VSCode/workspace/20241219_Certificate      
$ openssl pkcs12 -export -out server.p12 -inky privateKey.key -in server.crt
pkcs12: Use -help for summary.

Shiro Goto@DESKTOP-SHIRO MINGW64 /e/ユーザー/ドキュメント/VSCode/workspace/20241219_Certificate      
$ openssl pkcs12 -export -out server.p12 -inkey privateKey.key -in server.crt
Enter Export Password:
Verifying - Enter Export Password:

Shiro Goto@DESKTOP-SHIRO MINGW64 /e/ユーザー/ドキュメント/VSCode/workspace/20241219_Certificate      
$ openssl pkcs12 -info -in server.p12
Enter Import Password:
MAC: sha256, Iteration 2048
MAC length: 32, salt length: 8
PKCS7 Encrypted data: PBES2, PBKDF2, AES-256-CBC, Iteration 2048, PRF hmacWithSHA256
Certificate bag
Bag Attributes
    localKeyID: D1 EE BD 32 0A B3 90 B9 E9 4F DD D7 4B 7F 79 60 BA 15 16 4E
subject=C = JP, ST = Tokyo, L = Chiyoda, O = Example.inc, OU = IT Department, CN = www.example.com, emailAddress = admin@example.com
issuer=C = JP, ST = Tokyo, L = Chiyoda, O = Example.inc, OU = IT Department, CN = www.example.com, emailAddress = admin@example.com
-----BEGIN CERTIFICATE-----
MIIDuzCCAqMCFBIIQAWKLUDX+lJnA4Uoo0a4mJ4SMA0GCSqGSIb3DQEBCwUAMIGZ
MQswCQYDVQQGEwJKUDEOMAwGA1UECAwFVG9reW8xEDAOBgNVBAcMB0NoaXlvZGEx
FDASBgNVBAoMC0V4YW1wbGUuaW5jMRYwFAYDVQQLDA1JVCBEZXBhcnRtZW50MRgw
FgYDVQQDDA93d3cuZXhhbXBsZS5jb20xIDAeBgkqhkiG9w0BCQEWEWFkbWluQGV4
YW1wbGUuY29tMB4XDTI0MTIxODE2MDU1NVoXDTM0MTIxNjE2MDU1NVowgZkxCzAJ
BgNVBAYTAkpQMQ4wDAYDVQQIDAVUb2t5bzEQMA4GA1UEBwwHQ2hpeW9kYTEUMBIG
A1UECgwLRXhhbXBsZS5pbmMxFjAUBgNVBAsMDUlUIERlcGFydG1lbnQxGDAWBgNV
BAMMD3d3dy5leGFtcGxlLmNvbTEgMB4GCSqGSIb3DQEJARYRYWRtaW5AZXhhbXBs
ZS5jb20wggEiMA0GCSqGSIb3DQEBAQUAA4IBDwAwggEKAoIBAQDpjRlMW+6uImIQ
Eq61xiWrPIC7zJbx4grBp9jwaFSH0UUwuEHuLUKNI1xxkTw817/bqYWF9Xpkq8E5
cm+z+7n89p/EEJI+QS/DfQYJ4K+ndAuFwcZN+JGP55XFyKXIfUQnvovONSVGDo/t
+xltQipNTYjgKXu4gBk5JkrQSYYC0MLw5atwc9ehkMaeu857ngiwOWlq5vDNtu1K
50nL8ikBNNzLogzB+XiMWxtPzSlzyrMT3UL7+vkO+hJiZnHU4GpKowM4kFowFAeZ
gwElXXCY+TN3I8pbeResRpQ/ZfL+c9RF95ytD8RgENh5tmlgZ6ZzdYUhwpRvHJya
DZst9ld9AgMBAAEwDQYJKoZIhvcNAQELBQADggEBACZxFIzUxs+yk/QCOrDTsMh1
9NXEmLx9GEbdDbtI4oIg4xQ9s458hmUQ3CqB6g9572Du49ad7sLDQ+lMn3TPB81O
DeuyCrCflsneE6VbI+X/5cQ5aiv2qLLjmanHX5+P1ZmdUsAkT4FbS0SDxF1XKxwo
06VMPU6vvxid13hyRGpjlQhJHrpBKP++KFLsJAtBa7aj7U4HYCfXLx+aCZix0Lhw
FUxdymhirxqgrD6M6LGrsBPxOdNCEwGzK+8vB5lgI+6/nusMb6jHp9Ygp+vrEU3p
MGEyR9eqf5smzLTnB7BDUTO5Fwmjw15C8uGiL3hSk6NGBpT/WsL+I/3v4mku1w0=
-----END CERTIFICATE-----
PKCS7 Data
Shrouded Keybag: PBES2, PBKDF2, AES-256-CBC, Iteration 2048, PRF hmacWithSHA256
Bag Attributes
    localKeyID: D1 EE BD 32 0A B3 90 B9 E9 4F DD D7 4B 7F 79 60 BA 15 16 4E
Key Attributes: <No Attributes>
Enter PEM pass phrase:
Verifying - Enter PEM pass phrase:
-----BEGIN ENCRYPTED PRIVATE KEY-----
MIIFLTBXBgkqhkiG9w0BBQ0wSjApBgkqhkiG9w0BBQwwHAQIwDWI6F2TeqsCAggA
MAwGCCqGSIb3DQIJBQAwHQYJYIZIAWUDBAEqBBDShsBvBiQa3E7PrTNyImjRBIIE
0LV0ujBYs02O8QwhBgCd+dsIv5MxbaWVHxuB6wAdTjp0NOgDr2vYcYUK/gU1/FXh
m5CiyWMOK4brZDwLYOQiwVqozpBBFJOQeTAWz+vopPS6e3DJBLTb2QRI5ozkwc5V
hd95oGBwTd5kUKbWiXuGmhomMauur4mSHOhMYqXv9Mkz5QTezR2C9f40Auki3PLC
jjX14U5esUFsbfZVRwAAa+MDz29LShxllqCvyPnnssuorfkweBkP48xXvzq1ot6J
3e1KSk5BhU9Eo44OH9tsmCl9rza8ZpQDRqg/G+EMNNGXflYA5Xe3L0RhMtvDUMIl
p8o3fY7AMnH2IhK1kqmxGbEkbzhJhMpDiG0e4Wg05as1l+LzatvuZzh1Fxvc3kB8
6x+D2eoZNoPtRgczZcYXb9l2Zi7bHGOUy79iN0ot/oSOKdtKKxD+xhqmyJiw4w4i
/evR8wYN8QKe4lH4Piwch4MuY/AgMM4er4nF3IpaBftKrPCNfMer0TJpS8ruyN/e
YVjGCZtjTQe4RsDrjIpEC0iJj4+WbfJALxS4Yr8dItTDkxqknNITmVuckEI9oiNH
0qjv21fdmZJIaV3oit7hu2ozY94jJjq35scQtpsH9Q9baYpKMDeFBRfe421U+Dp/
TgsAQ8L7MsAWZ/mftGzzR4oppIr8ZhVKcy9Dq3aQUSoyFrcorJ+yMV0wJDuYAMzP
TsdvAtED9b4bm44cLpbqjc4coataXLif222cG40EldGZMks6Xa5Zvhsvbjmm0Smf
u5MDEsw+94HdYZBbhhzrwjGLvfg6vD0/uwTMJf2XXbGS3JZbVKQR6C2E6i8SkXHU
TgsAQ8L7MsAWZ/mftGzzR4oppIr8ZhVKcy9Dq3aQUSoyFrcorJ+yMV0wJDuYAMzP
TsdvAtED9b4bm44cLpbqjc4coataXLif222cG40EldGZMks6Xa5Zvhsvbjmm0Smf
u5MDEsw+94HdYZBbhhzrwjGLvfg6vD0/uwTMJf2XXbGS3JZbVKQR6C2E6i8SkXHU
JiEIwX1wFObK5xIAZ4W2rQ/wqjusKsqR9oH0TX7MwmzEPGcPS7Jp137iSMrgAS+4
nW76H4E5GTIGBYHEh1gb1A33BWf6AR58OnBiOp6PLsj8iBLWFI+1QO7oeXRgz6k3
oVOlBB1NYG7DZBfZBxXnfG4GZg5JTtG/eLapn29a6K3nb1BmiDjbXjfjvnKxq9FT
kBRKJih3VRmx6DAeIyfv18Bp/M6CPNKjBu+iYTu4CUMDJjsM08CRZqPBtw7qjVmy
gHGxVUEO/cidMs9oa2qQm7ulVoUiDN0nKBpTdjYDT8TuNZbKmhAOIjwBj/+dNIie
fIdBV2GanB9OQGTnKOF4Lsrymg2RTYNTyD9OJYlzQsZmK65972yYXuCXPXdmQ2v1
MxrmEvPiKXPwaTT8TYjr9YuJjkYKwDViBk5fprA5W1kolzQnr4582juR14NhZ91k
fSSnR506vsTJ5vppvPMzmjyZqhn3/aaVCXni8l3dx24VS1VFyDdtYILNmp6Ht1R0
F0uGYoATbo/RZkq/+yOTcdnEJdko3WxGev7osk55VEkDdFRuRo8aytPwjI4W1lBD
/cBNo73tJA+K7Fsm5iGtMEMmE+H//2LkHD1fDEm0JibXRKfRO0OFTVgCNW+e91C3
wFNoBR+wCMSEwGo5G6vBdO9R3C0i/Ua+978pcKbAS8LtTt4qeCz6K8T2m0VtLEIz
cpg2oTTqDqbmMBDwheGtwpyya9pw2aAb9FxWMxRV/vW9YYjkkZI1WtQI8ybshrFx
W24VCvpSeg2lLqUCloXZP5cqu6EvZdnrAWbJhutnkftP
-----END ENCRYPTED PRIVATE KEY-----

Shiro Goto@DESKTOP-SHIRO MINGW64 /e/ユーザー/ドキュメント/VSCode/workspace/20241219_Certificate      
$
TgsAQ8L7MsAWZ/mftGzzR4oppIr8ZhVKcy9Dq3aQUSoyFrcorJ+yMV0wJDuYAMzP
TsdvAtED9b4bm44cLpbqjc4coataXLif222cG40EldGZMks6Xa5Zvhsvbjmm0Smf
u5MDEsw+94HdYZBbhhzrwjGLvfg6vD0/uwTMJf2XXbGS3JZbVKQR6C2E6i8SkXHU
JiEIwX1wFObK5xIAZ4W2rQ/wqjusKsqR9oH0TX7MwmzEPGcPS7Jp137iSMrgAS+4
nW76H4E5GTIGBYHEh1gb1A33BWf6AR58OnBiOp6PLsj8iBLWFI+1QO7oeXRgz6k3
oVOlBB1NYG7DZBfZBxXnfG4GZg5JTtG/eLapn29a6K3nb1BmiDjbXjfjvnKxq9FT
kBRKJih3VRmx6DAeIyfv18Bp/M6CPNKjBu+iYTu4CUMDJjsM08CRZqPBtw7qjVmy
gHGxVUEO/cidMs9oa2qQm7ulVoUiDN0nKBpTdjYDT8TuNZbKmhAOIjwBj/+dNIie
fIdBV2GanB9OQGTnKOF4Lsrymg2RTYNTyD9OJYlzQsZmK65972yYXuCXPXdmQ2v1
MxrmEvPiKXPwaTT8TYjr9YuJjkYKwDViBk5fprA5W1kolzQnr4582juR14NhZ91k
fSSnR506vsTJ5vppvPMzmjyZqhn3/aaVCXni8l3dx24VS1VFyDdtYILNmp6Ht1R0
F0uGYoATbo/RZkq/+yOTcdnEJdko3WxGev7osk55VEkDdFRuRo8aytPwjI4W1lBD
/cBNo73tJA+K7Fsm5iGtMEMmE+H//2LkHD1fDEm0JibXRKfRO0OFTVgCNW+e91C3
wFNoBR+wCMSEwGo5G6vBdO9R3C0i/Ua+978pcKbAS8LtTt4qeCz6K8T2m0VtLEIz
cpg2oTTqDqbmMBDwheGtwpyya9pw2aAb9FxWMxRV/vW9YYjkkZI1WtQI8ybshrFx
W24VCvpSeg2lLqUCloXZP5cqu6EvZdnrAWbJhutnkftP
-----END ENCRYPTED PRIVATE KEY-----

Shiro Goto@DESKTOP-SHIRO MINGW64 /e/ユーザー/ドキュメント/VSCode/workspace/20241219_Certificate      
TgsAQ8L7MsAWZ/mftGzzR4oppIr8ZhVKcy9Dq3aQUSoyFrcorJ+yMV0wJDuYAMzP
TsdvAtED9b4bm44cLpbqjc4coataXLif222cG40EldGZMks6Xa5Zvhsvbjmm0Smf
u5MDEsw+94HdYZBbhhzrwjGLvfg6vD0/uwTMJf2XXbGS3JZbVKQR6C2E6i8SkXHU
JiEIwX1wFObK5xIAZ4W2rQ/wqjusKsqR9oH0TX7MwmzEPGcPS7Jp137iSMrgAS+4
nW76H4E5GTIGBYHEh1gb1A33BWf6AR58OnBiOp6PLsj8iBLWFI+1QO7oeXRgz6k3
oVOlBB1NYG7DZBfZBxXnfG4GZg5JTtG/eLapn29a6K3nb1BmiDjbXjfjvnKxq9FT
kBRKJih3VRmx6DAeIyfv18Bp/M6CPNKjBu+iYTu4CUMDJjsM08CRZqPBtw7qjVmy
gHGxVUEO/cidMs9oa2qQm7ulVoUiDN0nKBpTdjYDT8TuNZbKmhAOIjwBj/+dNIie
fIdBV2GanB9OQGTnKOF4Lsrymg2RTYNTyD9OJYlzQsZmK65972yYXuCXPXdmQ2v1
MxrmEvPiKXPwaTT8TYjr9YuJjkYKwDViBk5fprA5W1kolzQnr4582juR14NhZ91k
fSSnR506vsTJ5vppvPMzmjyZqhn3/aaVCXni8l3dx24VS1VFyDdtYILNmp6Ht1R0
F0uGYoATbo/RZkq/+yOTcdnEJdko3WxGev7osk55VEkDdFRuRo8aytPwjI4W1lBD
/cBNo73tJA+K7Fsm5iGtMEMmE+H//2LkHD1fDEm0JibXRKfRO0OFTVgCNW+e91C3
wFNoBR+wCMSEwGo5G6vBdO9R3C0i/Ua+978pcKbAS8LtTt4qeCz6K8T2m0VtLEIz
cpg2oTTqDqbmMBDwheGtwpyya9pw2aAb9FxWMxRV/vW9YYjkkZI1WtQI8ybshrFx
W24VCvpSeg2lLqUCloXZP5cqu6EvZdnrAWbJhutnkftP
-----END ENCRYPTED PRIVATE KEY-----
TgsAQ8L7MsAWZ/mftGzzR4oppIr8ZhVKcy9Dq3aQUSoyFrcorJ+yMV0wJDuYAMzP
TsdvAtED9b4bm44cLpbqjc4coataXLif222cG40EldGZMks6Xa5Zvhsvbjmm0Smf
u5MDEsw+94HdYZBbhhzrwjGLvfg6vD0/uwTMJf2XXbGS3JZbVKQR6C2E6i8SkXHU
JiEIwX1wFObK5xIAZ4W2rQ/wqjusKsqR9oH0TX7MwmzEPGcPS7Jp137iSMrgAS+4
nW76H4E5GTIGBYHEh1gb1A33BWf6AR58OnBiOp6PLsj8iBLWFI+1QO7oeXRgz6k3
oVOlBB1NYG7DZBfZBxXnfG4GZg5JTtG/eLapn29a6K3nb1BmiDjbXjfjvnKxq9FT
kBRKJih3VRmx6DAeIyfv18Bp/M6CPNKjBu+iYTu4CUMDJjsM08CRZqPBtw7qjVmy
gHGxVUEO/cidMs9oa2qQm7ulVoUiDN0nKBpTdjYDT8TuNZbKmhAOIjwBj/+dNIie
fIdBV2GanB9OQGTnKOF4Lsrymg2RTYNTyD9OJYlzQsZmK65972yYXuCXPXdmQ2v1
MxrmEvPiKXPwaTT8TYjr9YuJjkYKwDViBk5fprA5W1kolzQnr4582juR14NhZ91k
fSSnR506vsTJ5vppvPMzmjyZqhn3/aaVCXni8l3dx24VS1VFyDdtYILNmp6Ht1R0
F0uGYoATbo/RZkq/+yOTcdnEJdko3WxGev7osk55VEkDdFRuRo8aytPwjI4W1lBD
/cBNo73tJA+K7Fsm5iGtMEMmE+H//2LkHD1fDEm0JibXRKfRO0OFTVgCNW+e91C3
wFNoBR+wCMSEwGo5G6vBdO9R3C0i/Ua+978pcKbAS8LtTt4qeCz6K8T2m0VtLEIz
TgsAQ8L7MsAWZ/mftGzzR4oppIr8ZhVKcy9Dq3aQUSoyFrcorJ+yMV0wJDuYAMzP
TsdvAtED9b4bm44cLpbqjc4coataXLif222cG40EldGZMks6Xa5Zvhsvbjmm0Smf
u5MDEsw+94HdYZBbhhzrwjGLvfg6vD0/uwTMJf2XXbGS3JZbVKQR6C2E6i8SkXHU
JiEIwX1wFObK5xIAZ4W2rQ/wqjusKsqR9oH0TX7MwmzEPGcPS7Jp137iSMrgAS+4
nW76H4E5GTIGBYHEh1gb1A33BWf6AR58OnBiOp6PLsj8iBLWFI+1QO7oeXRgz6k3
oVOlBB1NYG7DZBfZBxXnfG4GZg5JTtG/eLapn29a6K3nb1BmiDjbXjfjvnKxq9FT
kBRKJih3VRmx6DAeIyfv18Bp/M6CPNKjBu+iYTu4CUMDJjsM08CRZqPBtw7qjVmy
gHGxVUEO/cidMs9oa2qQm7ulVoUiDN0nKBpTdjYDT8TuNZbKmhAOIjwBj/+dNIie
fIdBV2GanB9OQGTnKOF4Lsrymg2RTYNTyD9OJYlzQsZmK65972yYXuCXPXdmQ2v1
MxrmEvPiKXPwaTT8TYjr9YuJjkYKwDViBk5fprA5W1kolzQnr4582juR14NhZ91k
fSSnR506vsTJ5vppvPMzmjyZqhn3/aaVCXni8l3dx24VS1VFyDdtYILNmp6Ht1R0
F0uGYoATbo/RZkq/+yOTcdnEJdko3WxGev7osk55VEkDdFRuRo8aytPwjI4W1lBD
TgsAQ8L7MsAWZ/mftGzzR4oppIr8ZhVKcy9Dq3aQUSoyFrcorJ+yMV0wJDuYAMzP
TsdvAtED9b4bm44cLpbqjc4coataXLif222cG40EldGZMks6Xa5Zvhsvbjmm0Smf
u5MDEsw+94HdYZBbhhzrwjGLvfg6vD0/uwTMJf2XXbGS3JZbVKQR6C2E6i8SkXHU
JiEIwX1wFObK5xIAZ4W2rQ/wqjusKsqR9oH0TX7MwmzEPGcPS7Jp137iSMrgAS+4
nW76H4E5GTIGBYHEh1gb1A33BWf6AR58OnBiOp6PLsj8iBLWFI+1QO7oeXRgz6k3
oVOlBB1NYG7DZBfZBxXnfG4GZg5JTtG/eLapn29a6K3nb1BmiDjbXjfjvnKxq9FT
kBRKJih3VRmx6DAeIyfv18Bp/M6CPNKjBu+iYTu4CUMDJjsM08CRZqPBtw7qjVmy
gHGxVUEO/cidMs9oa2qQm7ulVoUiDN0nKBpTdjYDT8TuNZbKmhAOIjwBj/+dNIie
fIdBV2GanB9OQGTnKOF4Lsrymg2RTYNTyD9OJYlzQsZmK65972yYXuCXPXdmQ2v1
MxrmEvPiKXPwaTT8TYjr9YuJjkYKwDViBk5fprA5W1kolzQnr4582juR14NhZ91k
TgsAQ8L7MsAWZ/mftGzzR4oppIr8ZhVKcy9Dq3aQUSoyFrcorJ+yMV0wJDuYAMzP
TsdvAtED9b4bm44cLpbqjc4coataXLif222cG40EldGZMks6Xa5Zvhsvbjmm0Smf
u5MDEsw+94HdYZBbhhzrwjGLvfg6vD0/uwTMJf2XXbGS3JZbVKQR6C2E6i8SkXHU
JiEIwX1wFObK5xIAZ4W2rQ/wqjusKsqR9oH0TX7MwmzEPGcPS7Jp137iSMrgAS+4
nW76H4E5GTIGBYHEh1gb1A33BWf6AR58OnBiOp6PLsj8iBLWFI+1QO7oeXRgz6k3
oVOlBB1NYG7DZBfZBxXnfG4GZg5JTtG/eLapn29a6K3nb1BmiDjbXjfjvnKxq9FT
kBRKJih3VRmx6DAeIyfv18Bp/M6CPNKjBu+iYTu4CUMDJjsM08CRZqPBtw7qjVmy
gHGxVUEO/cidMs9oa2qQm7ulVoUiDN0nKBpTdjYDT8TuNZbKmhAOIjwBj/+dNIie
TgsAQ8L7MsAWZ/mftGzzR4oppIr8ZhVKcy9Dq3aQUSoyFrcorJ+yMV0wJDuYAMzP
TsdvAtED9b4bm44cLpbqjc4coataXLif222cG40EldGZMks6Xa5Zvhsvbjmm0Smf
u5MDEsw+94HdYZBbhhzrwjGLvfg6vD0/uwTMJf2XXbGS3JZbVKQR6C2E6i8SkXHU
JiEIwX1wFObK5xIAZ4W2rQ/wqjusKsqR9oH0TX7MwmzEPGcPS7Jp137iSMrgAS+4
JiEIwX1wFObK5xIAZ4W2rQ/wqjusKsqR9oH0TX7MwmzEPGcPS7Jp137iSMrgAS+4
nW76H4E5GTIGBYHEh1gb1A33BWf6AR58OnBiOp6PLsj8iBLWFI+1QO7oeXRgz6k3
oVOlBB1NYG7DZBfZBxXnfG4GZg5JTtG/eLapn29a6K3nb1BmiDjbXjfjvnKxq9FT
kBRKJih3VRmx6DAeIyfv18Bp/M6CPNKjBu+iYTu4CUMDJjsM08CRZqPBtw7qjVmy
gHGxVUEO/cidMs9oa2qQm7ulVoUiDN0nKBpTdjYDT8TuNZbKmhAOIjwBj/+dNIie
fIdBV2GanB9OQGTnKOF4Lsrymg2RTYNTyD9OJYlzQsZmK65972yYXuCXPXdmQ2v1
MxrmEvPiKXPwaTT8TYjr9YuJjkYKwDViBk5fprA5W1kolzQnr4582juR14NhZ91k
fSSnR506vsTJ5vppvPMzmjyZqhn3/aaVCXni8l3dx24VS1VFyDdtYILNmp6Ht1R0
F0uGYoATbo/RZkq/+yOTcdnEJdko3WxGev7osk55VEkDdFRuRo8aytPwjI4W1lBD
/cBNo73tJA+K7Fsm5iGtMEMmE+H//2LkHD1fDEm0JibXRKfRO0OFTVgCNW+e91C3
wFNoBR+wCMSEwGo5G6vBdO9R3C0i/Ua+978pcKbAS8LtTt4qeCz6K8T2m0VtLEIz
cpg2oTTqDqbmMBDwheGtwpyya9pw2aAb9FxWMxRV/vW9YYjkkZI1WtQI8ybshrFx
W24VCvpSeg2lLqUCloXZP5cqu6EvZdnrAWbJhutnkftP
-----END ENCRYPTED PRIVATE KEY-----

Shiro Goto@DESKTOP-SHIRO MINGW64 /e/ユーザー/ドキュメント/VSCode/workspace/20241219_Certificate      
$ openssl pkcs12 -info -in server.p12
Enter Import Password:
MAC: sha256, Iteration 2048
MAC length: 32, salt length: 8
PKCS7 Encrypted data: PBES2, PBKDF2, AES-256-CBC, Iteration 2048, PRF hmacWithSHA256
Certificate bag
Bag Attributes
    localKeyID: D1 EE BD 32 0A B3 90 B9 E9 4F DD D7 4B 7F 79 60 BA 15 16 4E
subject=C = JP, ST = Tokyo, L = Chiyoda, O = Example.inc, OU = IT Department, CN = www.example.com, emailAddress = admin@example.com
issuer=C = JP, ST = Tokyo, L = Chiyoda, O = Example.inc, OU = IT Department, CN = www.example.com, emailAddress = admin@example.com
-----BEGIN CERTIFICATE-----
MIIDuzCCAqMCFBIIQAWKLUDX+lJnA4Uoo0a4mJ4SMA0GCSqGSIb3DQEBCwUAMIGZ
MQswCQYDVQQGEwJKUDEOMAwGA1UECAwFVG9reW8xEDAOBgNVBAcMB0NoaXlvZGEx
FDASBgNVBAoMC0V4YW1wbGUuaW5jMRYwFAYDVQQLDA1JVCBEZXBhcnRtZW50MRgw
FgYDVQQDDA93d3cuZXhhbXBsZS5jb20xIDAeBgkqhkiG9w0BCQEWEWFkbWluQGV4
YW1wbGUuY29tMB4XDTI0MTIxODE2MDU1NVoXDTM0MTIxNjE2MDU1NVowgZkxCzAJ
BgNVBAYTAkpQMQ4wDAYDVQQIDAVUb2t5bzEQMA4GA1UEBwwHQ2hpeW9kYTEUMBIG
A1UECgwLRXhhbXBsZS5pbmMxFjAUBgNVBAsMDUlUIERlcGFydG1lbnQxGDAWBgNV
BAMMD3d3dy5leGFtcGxlLmNvbTEgMB4GCSqGSIb3DQEJARYRYWRtaW5AZXhhbXBs
ZS5jb20wggEiMA0GCSqGSIb3DQEBAQUAA4IBDwAwggEKAoIBAQDpjRlMW+6uImIQ
Eq61xiWrPIC7zJbx4grBp9jwaFSH0UUwuEHuLUKNI1xxkTw817/bqYWF9Xpkq8E5
cm+z+7n89p/EEJI+QS/DfQYJ4K+ndAuFwcZN+JGP55XFyKXIfUQnvovONSVGDo/t
+xltQipNTYjgKXu4gBk5JkrQSYYC0MLw5atwc9ehkMaeu857ngiwOWlq5vDNtu1K
50nL8ikBNNzLogzB+XiMWxtPzSlzyrMT3UL7+vkO+hJiZnHU4GpKowM4kFowFAeZ
gwElXXCY+TN3I8pbeResRpQ/ZfL+c9RF95ytD8RgENh5tmlgZ6ZzdYUhwpRvHJya
DZst9ld9AgMBAAEwDQYJKoZIhvcNAQELBQADggEBACZxFIzUxs+yk/QCOrDTsMh1
9NXEmLx9GEbdDbtI4oIg4xQ9s458hmUQ3CqB6g9572Du49ad7sLDQ+lMn3TPB81O
DeuyCrCflsneE6VbI+X/5cQ5aiv2qLLjmanHX5+P1ZmdUsAkT4FbS0SDxF1XKxwo
06VMPU6vvxid13hyRGpjlQhJHrpBKP++KFLsJAtBa7aj7U4HYCfXLx+aCZix0Lhw
FUxdymhirxqgrD6M6LGrsBPxOdNCEwGzK+8vB5lgI+6/nusMb6jHp9Ygp+vrEU3p
MGEyR9eqf5smzLTnB7BDUTO5Fwmjw15C8uGiL3hSk6NGBpT/WsL+I/3v4mku1w0=
-----END CERTIFICATE-----
PKCS7 Data
Shrouded Keybag: PBES2, PBKDF2, AES-256-CBC, Iteration 2048, PRF hmacWithSHA256
Bag Attributes
    localKeyID: D1 EE BD 32 0A B3 90 B9 E9 4F DD D7 4B 7F 79 60 BA 15 16 4E
Key Attributes: <No Attributes>
Enter PEM pass phrase:
Verifying - Enter PEM pass phrase:
-----BEGIN ENCRYPTED PRIVATE KEY-----
MIIFLTBXBgkqhkiG9w0BBQ0wSjApBgkqhkiG9w0BBQwwHAQIyXabUczUJAACAggA
MAwGCCqGSIb3DQIJBQAwHQYJYIZIAWUDBAEqBBCRNxQem1kIs3RnscJTsCzLBIIE
0LxC6is7KSaLnmxi3eB4ndg1kaOym7PHoBKH2CCtAOO/wUDcH7iW2o3FNqxep8Oc
wF/FbZ0VsUQRf3et+IeLLpW2lpqruDZGGmCKmwjza3wjTVYAU8UXZ+zAwHtRh/av
vWDzMtJvSX6jdB+hrX4KhKqjs7ozWhvVHBEh7IqyffdNBNVF7sfCXhAMdD1z67Tf
IqYvHGEgl5IAHavFyFw601rbwfdRh91FV09BWc7E7JzeFK9236d+ohdKJqpGR0jO
6AF+Blqm9A0Nv422az+ps35049YGmCs1fd0jfzTCiL+wpXPTBtSjFH/SmsV9Jyl1
uPIsA4WmsZ2JQVP4EKU0vbEz+HW4rYVrpwRaynuhFYrr+8lf7CGg+ITiwKbgfXIU
hq8sBCwfWnJ0KhAXBGJdTpuQdcWYR9m20YxvGkgNdMSG9GO0SdfRN85erAGBTXPu
v+Lv9T8UmhCpVhQ+D54Hg2Z4OtZdBY9Bvu4sfK8TBExlQ/GU5/MJFRw9yEXOf3mi
qbVfbRcs/xCRNsp2Jo6aU+dxvDhYjNPTBUc9glFADG5B1V+cbBraxTOdsjaG5CYs
iITHAwsM2ZyMMbPesKOm1omff/H3Eo6BnsbT3yZWeJfQmuy3k+D7jruotK3MTVPZ
+9JPRaBcymKCGSaYic002855mfgBne0lu9Y8NaAu6DugHyHwVceAz1iG3I8mTh5s
Ler6ln13WYDB8YFmN99pKHd6lotV9CF0kh1hrSFty68/+8TjBjiA/Hj/Sa1UNwW4
1w7NVb5wINuZFQxXj3ov0mmWXUhMsKhiQbEMSFzvKLQEeJq3V8k9gjYHYptde8wX
c7vJec2N2cJHrZC1d97yADG125Q1RgzxaAiuFRc+YvCYR1NTnkSB+reyElrhC4d5
6jXZ2jQcnrh+Mp+o+gBXkvVgn4Sivhjop0fCESk7+AoH67IXpr5WRQGbI0ARZJLX
Ixsi6wcTZV34Mdmj/Ht16lkvL5o75gAdBfAYbiWEtFj+HZZBCwVq0N1e8GcSoTWX
Hp5SWon6C+QFf3lShfjqK9OOXOtklLG7J9Exo7UFKDZX3LKAqW3pDv1c5mu5NIt+
QU/nrrWpnTcxO747fm3V4qniVj2Ke9g5sfu6YjxLTs0O3Lv3vNwkU2Gl75srlFhp
Ot3Sg3P8MgaUj4y7ugFgKnSfJV8MuMKntUhb2Kl1x1QeVfPc5bhOAxLOgs/kIIwG
k1yw1/+oOYFGqNlGAavyRrHHAKbyxzX1ZWJdyaFFTpn5Z+Lj232KL7N4f37lW/30
tKQ6dxQcAuHitsKYbrWrKZJRNHE265dkvuYyfiOVHa9+3d+yghlzhfKybF11IrN0
gFrmTK55NRjI1r7i62bK3fLr+m+umEDJD6hcCd4Z0qOAHXaxeG6DJ0YL5MZhAjBU
HQvINIYwah7ntefKUE4tftiT9+/fDQvGXHTELYwHMdYHSDIjmdyNp+1cOMignlhX
apIR/xd1dXs30R2X2I1EMKi0gOF2++Am8OmhBoipDE1+nSngWeak3OhIFhC/I2u3
i+Y4n3LiGXk3wMcNoGjLNknLQ8eb7wl3g3WNqKBg3lulGIZvSHzv0u0Cfa6cosQb
JU/LEJEfRrUx0AAsOPncbCuSAH30/9ic2umwKzq1y9hy
-----END ENCRYPTED PRIVATE KEY-----

Shiro Goto@DESKTOP-SHIRO MINGW64 /e/ユーザー/ドキュメント/VSCode/workspace/20241219_Certificate      
$ openssl x509 -noout -modules -in server.crt | openssl md5
MD5(stdin)= d41d8cd98f00b204e9800998ecf8427e

Shiro Goto@DESKTOP-SHIRO MINGW64 /e/ユーザー/ドキュメント/VSCode/workspace/20241219_Certificate
$ openssl x509 -noout -modulus -in server.crt | openssl md5
MD5(stdin)= 0c6e50803b65056b4c81f84f6aca3491

Shiro Goto@DESKTOP-SHIRO MINGW64 /e/ユーザー/ドキュメント/VSCode/workspace/20241219_Certificate
$ openssl rsa -noout -modulus -in private.key | openssl md5
Could not open file or uri for loading private key from private.key: No such file or directory
MD5(stdin)= d41d8cd98f00b204e9800998ecf8427e

Shiro Goto@DESKTOP-SHIRO MINGW64 /e/ユーザー/ドキュメント/VSCode/workspace/20241219_Certificate      
$ openssl rsa -noout -modulus -in privateKey.key | openssl md5
MD5(stdin)= 0c6e50803b65056b4c81f84f6aca3491

Shiro Goto@DESKTOP-SHIRO MINGW64 /e/ユーザー/ドキュメント/VSCode/workspace/20241219_Certificate      
$ openssl pkcs12 -in server.p12 -clcerts -nokeys
Enter Import Password:
Bag Attributes
    localKeyID: D1 EE BD 32 0A B3 90 B9 E9 4F DD D7 4B 7F 79 60 BA 15 16 4E
subject=C = JP, ST = Tokyo, L = Chiyoda, O = Example.inc, OU = IT Department, CN = www.example.com, emailAddress = admin@example.com
issuer=C = JP, ST = Tokyo, L = Chiyoda, O = Example.inc, OU = IT Department, CN = www.example.com, emailAddress = admin@example.com
-----BEGIN CERTIFICATE-----
MIIDuzCCAqMCFBIIQAWKLUDX+lJnA4Uoo0a4mJ4SMA0GCSqGSIb3DQEBCwUAMIGZ
MQswCQYDVQQGEwJKUDEOMAwGA1UECAwFVG9reW8xEDAOBgNVBAcMB0NoaXlvZGEx
FDASBgNVBAoMC0V4YW1wbGUuaW5jMRYwFAYDVQQLDA1JVCBEZXBhcnRtZW50MRgw
FgYDVQQDDA93d3cuZXhhbXBsZS5jb20xIDAeBgkqhkiG9w0BCQEWEWFkbWluQGV4
YW1wbGUuY29tMB4XDTI0MTIxODE2MDU1NVoXDTM0MTIxNjE2MDU1NVowgZkxCzAJ
BgNVBAYTAkpQMQ4wDAYDVQQIDAVUb2t5bzEQMA4GA1UEBwwHQ2hpeW9kYTEUMBIG
A1UECgwLRXhhbXBsZS5pbmMxFjAUBgNVBAsMDUlUIERlcGFydG1lbnQxGDAWBgNV
BAMMD3d3dy5leGFtcGxlLmNvbTEgMB4GCSqGSIb3DQEJARYRYWRtaW5AZXhhbXBs
ZS5jb20wggEiMA0GCSqGSIb3DQEBAQUAA4IBDwAwggEKAoIBAQDpjRlMW+6uImIQ
ailAddress = admin@example.com
-----BEGIN CERTIFICATE-----
MIIDuzCCAqMCFBIIQAWKLUDX+lJnA4Uoo0a4mJ4SMA0GCSqGSIb3DQEBCwUAMIGZ
MQswCQYDVQQGEwJKUDEOMAwGA1UECAwFVG9reW8xEDAOBgNVBAcMB0NoaXlvZGEx
FDASBgNVBAoMC0V4YW1wbGUuaW5jMRYwFAYDVQQLDA1JVCBEZXBhcnRtZW50MRgw
FgYDVQQDDA93d3cuZXhhbXBsZS5jb20xIDAeBgkqhkiG9w0BCQEWEWFkbWluQGV4
YW1wbGUuY29tMB4XDTI0MTIxODE2MDU1NVoXDTM0MTIxNjE2MDU1NVowgZkxCzAJ
BgNVBAYTAkpQMQ4wDAYDVQQIDAVUb2t5bzEQMA4GA1UEBwwHQ2hpeW9kYTEUMBIG
A1UECgwLRXhhbXBsZS5pbmMxFjAUBgNVBAsMDUlUIERlcGFydG1lbnQxGDAWBgNV
BAMMD3d3dy5leGFtcGxlLmNvbTEgMB4GCSqGSIb3DQEJARYRYWRtaW5AZXhhbXBs
ZS5jb20wggEiMA0GCSqGSIb3DQEBAQUAA4IBDwAwggEKAoIBAQDpjRlMW+6uImIQ
-----BEGIN CERTIFICATE-----
MIIDuzCCAqMCFBIIQAWKLUDX+lJnA4Uoo0a4mJ4SMA0GCSqGSIb3DQEBCwUAMIGZ
MQswCQYDVQQGEwJKUDEOMAwGA1UECAwFVG9reW8xEDAOBgNVBAcMB0NoaXlvZGEx
FDASBgNVBAoMC0V4YW1wbGUuaW5jMRYwFAYDVQQLDA1JVCBEZXBhcnRtZW50MRgw
FgYDVQQDDA93d3cuZXhhbXBsZS5jb20xIDAeBgkqhkiG9w0BCQEWEWFkbWluQGV4
YW1wbGUuY29tMB4XDTI0MTIxODE2MDU1NVoXDTM0MTIxNjE2MDU1NVowgZkxCzAJ
BgNVBAYTAkpQMQ4wDAYDVQQIDAVUb2t5bzEQMA4GA1UEBwwHQ2hpeW9kYTEUMBIG
A1UECgwLRXhhbXBsZS5pbmMxFjAUBgNVBAsMDUlUIERlcGFydG1lbnQxGDAWBgNV
BAMMD3d3dy5leGFtcGxlLmNvbTEgMB4GCSqGSIb3DQEJARYRYWRtaW5AZXhhbXBs
ZS5jb20wggEiMA0GCSqGSIb3DQEBAQUAA4IBDwAwggEKAoIBAQDpjRlMW+6uImIQ
MIIDuzCCAqMCFBIIQAWKLUDX+lJnA4Uoo0a4mJ4SMA0GCSqGSIb3DQEBCwUAMIGZ
MQswCQYDVQQGEwJKUDEOMAwGA1UECAwFVG9reW8xEDAOBgNVBAcMB0NoaXlvZGEx
FDASBgNVBAoMC0V4YW1wbGUuaW5jMRYwFAYDVQQLDA1JVCBEZXBhcnRtZW50MRgw
FgYDVQQDDA93d3cuZXhhbXBsZS5jb20xIDAeBgkqhkiG9w0BCQEWEWFkbWluQGV4
YW1wbGUuY29tMB4XDTI0MTIxODE2MDU1NVoXDTM0MTIxNjE2MDU1NVowgZkxCzAJ
BgNVBAYTAkpQMQ4wDAYDVQQIDAVUb2t5bzEQMA4GA1UEBwwHQ2hpeW9kYTEUMBIG
A1UECgwLRXhhbXBsZS5pbmMxFjAUBgNVBAsMDUlUIERlcGFydG1lbnQxGDAWBgNV
BAMMD3d3dy5leGFtcGxlLmNvbTEgMB4GCSqGSIb3DQEJARYRYWRtaW5AZXhhbXBs
ZS5jb20wggEiMA0GCSqGSIb3DQEBAQUAA4IBDwAwggEKAoIBAQDpjRlMW+6uImIQ
FDASBgNVBAoMC0V4YW1wbGUuaW5jMRYwFAYDVQQLDA1JVCBEZXBhcnRtZW50MRgw
FgYDVQQDDA93d3cuZXhhbXBsZS5jb20xIDAeBgkqhkiG9w0BCQEWEWFkbWluQGV4
YW1wbGUuY29tMB4XDTI0MTIxODE2MDU1NVoXDTM0MTIxNjE2MDU1NVowgZkxCzAJ
BgNVBAYTAkpQMQ4wDAYDVQQIDAVUb2t5bzEQMA4GA1UEBwwHQ2hpeW9kYTEUMBIG
A1UECgwLRXhhbXBsZS5pbmMxFjAUBgNVBAsMDUlUIERlcGFydG1lbnQxGDAWBgNV
BAMMD3d3dy5leGFtcGxlLmNvbTEgMB4GCSqGSIb3DQEJARYRYWRtaW5AZXhhbXBs
ZS5jb20wggEiMA0GCSqGSIb3DQEBAQUAA4IBDwAwggEKAoIBAQDpjRlMW+6uImIQ
FgYDVQQDDA93d3cuZXhhbXBsZS5jb20xIDAeBgkqhkiG9w0BCQEWEWFkbWluQGV4
YW1wbGUuY29tMB4XDTI0MTIxODE2MDU1NVoXDTM0MTIxNjE2MDU1NVowgZkxCzAJ
BgNVBAYTAkpQMQ4wDAYDVQQIDAVUb2t5bzEQMA4GA1UEBwwHQ2hpeW9kYTEUMBIG
A1UECgwLRXhhbXBsZS5pbmMxFjAUBgNVBAsMDUlUIERlcGFydG1lbnQxGDAWBgNV
BAMMD3d3dy5leGFtcGxlLmNvbTEgMB4GCSqGSIb3DQEJARYRYWRtaW5AZXhhbXBs
ZS5jb20wggEiMA0GCSqGSIb3DQEBAQUAA4IBDwAwggEKAoIBAQDpjRlMW+6uImIQ
BgNVBAYTAkpQMQ4wDAYDVQQIDAVUb2t5bzEQMA4GA1UEBwwHQ2hpeW9kYTEUMBIG
A1UECgwLRXhhbXBsZS5pbmMxFjAUBgNVBAsMDUlUIERlcGFydG1lbnQxGDAWBgNV
BAMMD3d3dy5leGFtcGxlLmNvbTEgMB4GCSqGSIb3DQEJARYRYWRtaW5AZXhhbXBs
ZS5jb20wggEiMA0GCSqGSIb3DQEBAQUAA4IBDwAwggEKAoIBAQDpjRlMW+6uImIQ
Eq61xiWrPIC7zJbx4grBp9jwaFSH0UUwuEHuLUKNI1xxkTw817/bqYWF9Xpkq8E5
A1UECgwLRXhhbXBsZS5pbmMxFjAUBgNVBAsMDUlUIERlcGFydG1lbnQxGDAWBgNV
BAMMD3d3dy5leGFtcGxlLmNvbTEgMB4GCSqGSIb3DQEJARYRYWRtaW5AZXhhbXBs
ZS5jb20wggEiMA0GCSqGSIb3DQEBAQUAA4IBDwAwggEKAoIBAQDpjRlMW+6uImIQ
Eq61xiWrPIC7zJbx4grBp9jwaFSH0UUwuEHuLUKNI1xxkTw817/bqYWF9Xpkq8E5
ZS5jb20wggEiMA0GCSqGSIb3DQEBAQUAA4IBDwAwggEKAoIBAQDpjRlMW+6uImIQ
Eq61xiWrPIC7zJbx4grBp9jwaFSH0UUwuEHuLUKNI1xxkTw817/bqYWF9Xpkq8E5
cm+z+7n89p/EEJI+QS/DfQYJ4K+ndAuFwcZN+JGP55XFyKXIfUQnvovONSVGDo/t
Eq61xiWrPIC7zJbx4grBp9jwaFSH0UUwuEHuLUKNI1xxkTw817/bqYWF9Xpkq8E5
cm+z+7n89p/EEJI+QS/DfQYJ4K+ndAuFwcZN+JGP55XFyKXIfUQnvovONSVGDo/t
+xltQipNTYjgKXu4gBk5JkrQSYYC0MLw5atwc9ehkMaeu857ngiwOWlq5vDNtu1K
cm+z+7n89p/EEJI+QS/DfQYJ4K+ndAuFwcZN+JGP55XFyKXIfUQnvovONSVGDo/t
+xltQipNTYjgKXu4gBk5JkrQSYYC0MLw5atwc9ehkMaeu857ngiwOWlq5vDNtu1K
+xltQipNTYjgKXu4gBk5JkrQSYYC0MLw5atwc9ehkMaeu857ngiwOWlq5vDNtu1K
50nL8ikBNNzLogzB+XiMWxtPzSlzyrMT3UL7+vkO+hJiZnHU4GpKowM4kFowFAeZ
gwElXXCY+TN3I8pbeResRpQ/ZfL+c9RF95ytD8RgENh5tmlgZ6ZzdYUhwpRvHJya
DZst9ld9AgMBAAEwDQYJKoZIhvcNAQELBQADggEBACZxFIzUxs+yk/QCOrDTsMh1
9NXEmLx9GEbdDbtI4oIg4xQ9s458hmUQ3CqB6g9572Du49ad7sLDQ+lMn3TPB81O
DeuyCrCflsneE6VbI+X/5cQ5aiv2qLLjmanHX5+P1ZmdUsAkT4FbS0SDxF1XKxwo
06VMPU6vvxid13hyRGpjlQhJHrpBKP++KFLsJAtBa7aj7U4HYCfXLx+aCZix0Lhw
FUxdymhirxqgrD6M6LGrsBPxOdNCEwGzK+8vB5lgI+6/nusMb6jHp9Ygp+vrEU3p
MGEyR9eqf5smzLTnB7BDUTO5Fwmjw15C8uGiL3hSk6NGBpT/WsL+I/3v4mku1w0=
-----END CERTIFICATE-----

Shiro Goto@DESKTOP-SHIRO MINGW64 /e/ユーザー/ドキュメント/VSCode/workspace/20241219_Certificate      
$ openssl pkcs12 -in server.p12 -clcerts -nokeys -out tmp.crt
Enter Import Password:

Shiro Goto@DESKTOP-SHIRO MINGW64 /e/ユーザー/ドキュメント/VSCode/workspace/20241219_Certificate      
$ openssl x5009 -noout -text -in tmp.crt
Invalid command 'x5009'; type "help" for a list.

Shiro Goto@DESKTOP-SHIRO MINGW64 /e/ユーザー/ドキュメント/VSCode/workspace/20241219_Certificate      
$ openssl x509 -noout -text -in tmp.crt
Certificate:
    Data:
        Version: 1 (0x0)
        Serial Number:
            12:08:40:05:8a:2d:40:d7:fa:52:67:03:85:28:a3:46:b8:98:9e:12
        Signature Algorithm: sha256WithRSAEncryption
        Issuer: C = JP, ST = Tokyo, L = Chiyoda, O = Example.inc, OU = IT Department, CN = www.example.com, emailAddress = admin@example.com
        Validity
            Not Before: Dec 18 16:05:55 2024 GMT
            Not After : Dec 16 16:05:55 2034 GMT
        Subject: C = JP, ST = Tokyo, L = Chiyoda, O = Example.inc, OU = IT Department, CN = www.example.com, emailAddress = admin@example.com
        Subject Public Key Info:
            Public Key Algorithm: rsaEncryption
                Public-Key: (2048 bit)
                Modulus:
                    00:e9:8d:19:4c:5b:ee:ae:22:62:10:12:ae:b5:c6:
                    25:ab:3c:80:bb:cc:96:f1:e2:0a:c1:a7:d8:f0:68:
                    54:87:d1:45:30:b8:41:ee:2d:42:8d:23:5c:71:91:
                    3c:3c:d7:bf:db:a9:85:85:f5:7a:64:ab:c1:39:72:
                    6f:b3:fb:b9:fc:f6:9f:c4:10:92:3e:41:2f:c3:7d:
                    06:09:e0:af:a7:74:0b:85:c1:c6:4d:f8:91:8f:e7:
                    95:c5:c8:a5:c8:7d:44:27:be:8b:ce:35:25:46:0e:
                    8f:ed:fb:19:6d:42:2a:4d:4d:88:e0:29:7b:b8:80:
                    19:39:26:4a:d0:49:86:02:d0:c2:f0:e5:ab:70:73:
                    d7:a1:90:c6:9e:bb:ce:7b:9e:08:b0:39:69:6a:e6:
                    f0:cd:b6:ed:4a:e7:49:cb:f2:29:01:34:dc:cb:a2:
                    0c:c1:f9:78:8c:5b:1b:4f:cd:29:73:ca:b3:13:dd:
                    42:fb:fa:f9:0e:fa:12:62:66:71:d4:e0:6a:4a:a3:
                    03:38:90:5a:30:14:07:99:83:01:25:5d:70:98:f9:
                    33:77:23:ca:5b:79:17:ac:46:94:3f:65:f2:fe:73:
                    d4:45:f7:9c:ad:0f:c4:60:10:d8:79:b6:69:60:67:
                    a6:73:75:85:21:c2:94:6f:1c:9c:9a:0d:9b:2d:f6:
                    57:7d
                Exponent: 65537 (0x10001)
    Signature Algorithm: sha256WithRSAEncryption
    Signature Value:
        26:71:14:8c:d4:c6:cf:b2:93:f4:02:3a:b0:d3:b0:c8:75:f4:
        d5:c4:98:bc:7d:18:46:dd:0d:bb:48:e2:82:20:e3:14:3d:b3:
        8e:7c:86:65:10:dc:2a:81:ea:0f:79:ef:60:ee:e3:d6:9d:ee:
        c2:c3:43:e9:4c:9f:74:cf:07:cd:4e:0d:eb:b2:0a:b0:9f:96:
        c9:de:13:a5:5b:23:e5:ff:e5:c4:39:6a:2b:f6:a8:b2:e3:99:
        a9:c7:5f:9f:8f:d5:99:9d:52:c0:24:4f:81:5b:4b:44:83:c4:
        5d:57:2b:1c:28:d3:a5:4c:3d:4e:af:bf:18:9d:d7:78:72:44:
        6a:63:95:08:49:1e:ba:41:28:ff:be:28:52:ec:24:0b:41:6b:
        b6:a3:ed:4e:07:60:27:d7:2f:1f:9a:09:98:b1:d0:b8:70:15:
        4c:5d:ca:68:62:af:1a:a0:ac:3e:8c:e8:b1:ab:b0:13:f1:39:
        d3:42:13:01:b3:2b:ef:2f:07:99:60:23:ee:bf:9e:eb:0c:6f:
        a8:c7:a7:d6:20:a7:eb:eb:11:4d:e9:30:61:32:47:d7:aa:7f:
        9b:26:cc:b4:e7:07:b0:43:51:33:b9:17:09:a3:c3:5e:42:f2:
        e1:a2:2f:78:52:93:a3:46:06:94:ff:5a:c2:fe:23:fd:ef:e2:
        69:2e:d7:0d

Shiro Goto@DESKTOP-SHIRO MINGW64 /e/ユーザー/ドキュメント/VSCode/workspace/20241219_Certificate      
$